
         /\      Grafana   /‾‾/  
    /\  /  \     |\  __   /  /   
   /  \/    \    | |/ /  /   ‾‾\ 
  /          \   |   (  |  (‾)  |
 / __________ \  |_|\_\  \_____/ 

     execution: local
        script: /mnt/c/Users/cch15/IdeaProjects/sparta/project/fork/rush-deal/order-service/k6/tests/generate-queue-tokens.js
        output: -

     scenarios: (100.00%) 1 scenario, 100 max VUs, 2m30s max duration (incl. graceful stop):
              * generate_tokens: 1 iterations for each of 100 VUs (maxDuration: 2m0s, gracefulStop: 30s)

time="2026-01-11T21:04:28+09:00" level=info msg="🎫 Queue Token Generation" source=console
time="2026-01-11T21:04:28+09:00" level=info msg="==========================" source=console
time="2026-01-11T21:04:28+09:00" level=info msg="Product ID: 857daa45-d8a7-4e13-938e-5ea80dab2238" source=console
time="2026-01-11T21:04:28+09:00" level=info msg="Test Users: 1~100" source=console
time="2026-01-11T21:04:28+09:00" level=info source=console
time="2026-01-11T21:04:28+09:00" level=info msg="✅ Queue Service is healthy" source=console
time="2026-01-11T21:04:28+09:00" level=info source=console
time="2026-01-11T21:04:28+09:00" level=info msg="✅ User 34: dc2f4db0-ed41-4593-80ed-1032739202b1" source=console
time="2026-01-11T21:04:28+09:00" level=info msg="✅ User 77: 72f6ea2b-6313-46dd-9207-003c168f1de9" source=console
time="2026-01-11T21:04:28+09:00" level=info msg="✅ User 31: 2f240b9f-911b-48db-a00c-c674665f6b44" source=console
time="2026-01-11T21:04:28+09:00" level=info msg="✅ User 45: 80e8eab1-be8d-40c4-84a8-cca458e9918c" source=console
time="2026-01-11T21:04:28+09:00" level=info msg="✅ User 38: 451a8728-48f5-44a2-8df5-73c25cc34b0d" source=console
time="2026-01-11T21:04:28+09:00" level=info msg="✅ User 49: fbee1ec0-3917-45e5-bd71-e240c0ea274d" source=console
time="2026-01-11T21:04:28+09:00" level=info msg="✅ User 57: 64a44360-2d89-41b0-9ff3-aa16b19f690e" source=console
time="2026-01-11T21:04:28+09:00" level=info msg="✅ User 64: bff90807-503d-4875-a35f-a53236156d12" source=console
time="2026-01-11T21:04:28+09:00" level=info msg="✅ User 13: a8ff28ce-ee8f-45a6-a455-748e20a74897" source=console
time="2026-01-11T21:04:28+09:00" level=info msg="✅ User 71: 3b89f7dd-2e62-4e8f-b0e1-090515fd3131" source=console
time="2026-01-11T21:04:28+09:00" level=info msg="✅ User 9: 516d8ac6-8043-42c2-aabc-141d8741cdc2" source=console
time="2026-01-11T21:04:28+09:00" level=info msg="✅ User 70: c52bf00f-0e5c-4d17-9147-49379add705b" source=console
time="2026-01-11T21:04:28+09:00" level=info msg="✅ User 86: 095ef52f-db98-4735-8836-f826b580f000" source=console
time="2026-01-11T21:04:28+09:00" level=info msg="✅ User 78: 95c77813-e72f-4f24-9597-c6354e29f377" source=console
time="2026-01-11T21:04:28+09:00" level=info msg="✅ User 97: cd7ede7c-2389-4a50-86d2-b12214acf1d8" source=console
time="2026-01-11T21:04:28+09:00" level=info msg="✅ User 39: ce39de33-7b18-4bc6-9254-bedd3dfe12fd" source=console
time="2026-01-11T21:04:28+09:00" level=info msg="✅ User 20: 637956b2-792d-4907-863a-67a994abe148" source=console
time="2026-01-11T21:04:28+09:00" level=info msg="✅ User 12: 77bb17d4-18bc-40f9-a3d2-8baeb1709895" source=console
time="2026-01-11T21:04:28+09:00" level=info msg="✅ User 54: 897891fe-1977-41cf-9333-6fcec86c2a3c" source=console
time="2026-01-11T21:04:28+09:00" level=info msg="✅ User 50: 24b83824-925e-49ab-95d7-1de708228fd6" source=console
time="2026-01-11T21:04:28+09:00" level=info msg="✅ User 93: 76b557ee-5a4a-4d46-ad45-aafb427175c8" source=console
time="2026-01-11T21:04:28+09:00" level=info msg="✅ User 48: c22f7cf6-1ef9-415f-b230-657815bc07de" source=console
time="2026-01-11T21:04:28+09:00" level=info msg="✅ User 18: 8d34a81d-3b49-43da-b314-456ef0b3b185" source=console
time="2026-01-11T21:04:28+09:00" level=info msg="✅ User 67: 499eff4d-5dd9-468f-a0e3-18b11e593e8b" source=console
time="2026-01-11T21:04:28+09:00" level=info msg="✅ User 55: ab3f6d25-57bc-46ac-a84e-76b8b1134414" source=console
time="2026-01-11T21:04:28+09:00" level=info msg="✅ User 91: 5cce0719-2bef-4a33-8bef-a3e7c0f0f1fd" source=console
time="2026-01-11T21:04:28+09:00" level=info msg="✅ User 36: 6ef8f1e9-192d-4df7-ae17-2dc7fde5cd7d" source=console
time="2026-01-11T21:04:28+09:00" level=info msg="✅ User 43: 164a405a-6f16-4ec8-8fa5-e1c3d7844992" source=console
time="2026-01-11T21:04:28+09:00" level=info msg="✅ User 14: 25875614-4216-41fe-a341-dcdffdbdaefa" source=console
time="2026-01-11T21:04:28+09:00" level=info msg="✅ User 56: 52bd2c6f-2982-4cf9-928a-7652ea418c5b" source=console
time="2026-01-11T21:04:28+09:00" level=info msg="✅ User 90: ec5d7f6d-3307-4b87-acc2-de6f2431b75a" source=console
time="2026-01-11T21:04:28+09:00" level=info msg="✅ User 25: dffe6752-1034-49f8-af92-f78a9d0fe3be" source=console
time="2026-01-11T21:04:28+09:00" level=info msg="✅ User 73: 5d1aef6a-81e4-4d6f-bae5-c1a7cc57ae48" source=console
time="2026-01-11T21:04:28+09:00" level=info msg="✅ User 42: baa76d63-b05d-43c7-9cb4-9d392f9ca199" source=console
time="2026-01-11T21:04:28+09:00" level=info msg="✅ User 2: 2fecd4d7-b32a-498c-93f1-03d89076760c" source=console
time="2026-01-11T21:04:28+09:00" level=info msg="✅ User 10: 93defa6b-dcaa-472e-b6a4-6220dd52059e" source=console
time="2026-01-11T21:04:28+09:00" level=info msg="✅ User 11: 4b85fe6a-62fa-4e24-b2ce-8ea31fea69eb" source=console
time="2026-01-11T21:04:28+09:00" level=info msg="✅ User 94: 43b25db7-3ad0-4a11-bbf4-a5237ad7a4a2" source=console
time="2026-01-11T21:04:28+09:00" level=info msg="✅ User 22: dbf20c2e-6124-4620-afa0-8e7e10915f93" source=console
time="2026-01-11T21:04:28+09:00" level=info msg="✅ User 35: 2929ae90-4462-4ffd-b9a2-251e903d5fb0" source=console
time="2026-01-11T21:04:28+09:00" level=info msg="✅ User 7: 1bcc4c4c-8874-4795-bc4e-5857c72c91b2" source=console
time="2026-01-11T21:04:28+09:00" level=info msg="✅ User 40: 2e47c960-7817-4343-a69f-fc13f0dbc233" source=console
time="2026-01-11T21:04:28+09:00" level=info msg="✅ User 16: c06dca6d-584c-4f1c-b014-41535ea545e5" source=console
time="2026-01-11T21:04:28+09:00" level=info msg="✅ User 60: 4b974d47-410e-498f-aedb-b6a1538a2420" source=console
time="2026-01-11T21:04:28+09:00" level=info msg="✅ User 30: 19f382b2-91cb-4fb8-a17d-7c79816440a8" source=console
time="2026-01-11T21:04:28+09:00" level=info msg="✅ User 92: bf186f20-5d7e-46fb-84bd-406306b92109" source=console
time="2026-01-11T21:04:28+09:00" level=info msg="✅ User 88: dbb25009-02e0-4f0a-878e-a62f0428753a" source=console
time="2026-01-11T21:04:28+09:00" level=info msg="✅ User 1: cc969b57-eab5-45a1-bb47-494bd8ae0506" source=console
time="2026-01-11T21:04:28+09:00" level=info msg="✅ User 4: 9b0b99a1-7269-42b5-90aa-938a6268fdeb" source=console
time="2026-01-11T21:04:28+09:00" level=info msg="✅ User 58: b7e49d50-5c1a-4f65-8b36-7415cecd37c1" source=console
time="2026-01-11T21:04:28+09:00" level=info msg="✅ User 98: 9dd68351-2c53-427c-be60-0ed341dfebce" source=console
time="2026-01-11T21:04:28+09:00" level=info msg="✅ User 51: 2a62d2c4-5596-44c9-984e-bce1591914ae" source=console
time="2026-01-11T21:04:28+09:00" level=info msg="✅ User 84: f83442f8-ac5e-4a4d-bc8b-d99b6e90bacf" source=console
time="2026-01-11T21:04:28+09:00" level=info msg="✅ User 47: c52d91e1-8843-408c-907b-ac0d0a05baf7" source=console
time="2026-01-11T21:04:28+09:00" level=info msg="✅ User 44: 75a81219-e0fb-4bbf-839f-9e1ec4b0e1da" source=console
time="2026-01-11T21:04:28+09:00" level=info msg="✅ User 28: b7370e9d-b988-4473-a491-922b66caef08" source=console
time="2026-01-11T21:04:28+09:00" level=info msg="✅ User 29: be849dca-c4ff-47fd-8600-d6d58f3c1839" source=console
time="2026-01-11T21:04:28+09:00" level=info msg="✅ User 5: d1316628-eb9c-4789-87ec-fc96e295b793" source=console
time="2026-01-11T21:04:28+09:00" level=info msg="✅ User 27: 15eb25d9-b458-4200-91a5-765fe7b91fe6" source=console
time="2026-01-11T21:04:28+09:00" level=info msg="✅ User 21: 02eb1b1b-65c6-4726-9b23-bb7eb6c8d481" source=console
time="2026-01-11T21:04:28+09:00" level=info msg="✅ User 80: 1b9537f2-d2ed-472a-8366-71eedcd3f0a8" source=console
time="2026-01-11T21:04:28+09:00" level=info msg="✅ User 76: 36be4469-ea8a-411f-a617-108fcd7e4a88" source=console
time="2026-01-11T21:04:28+09:00" level=info msg="✅ User 69: b5140cf1-e1fc-49c3-836d-97872f3430ef" source=console
time="2026-01-11T21:04:28+09:00" level=info msg="✅ User 89: 4fe05f1a-2f69-4bf2-91ac-157075ffc360" source=console
time="2026-01-11T21:04:28+09:00" level=info msg="✅ User 61: dc24dee0-b44e-4962-bb4e-bc24c5f12f69" source=console
time="2026-01-11T21:04:28+09:00" level=info msg="✅ User 100: 1499ac4b-740d-4207-874d-bece56108cf8" source=console
time="2026-01-11T21:04:28+09:00" level=info msg="✅ User 72: 7f42d601-f360-4f5b-b737-f4fa23ece5a5" source=console
time="2026-01-11T21:04:28+09:00" level=info msg="✅ User 3: 03a80cc2-4931-4d2d-a036-4f504f59486d" source=console
time="2026-01-11T21:04:28+09:00" level=info msg="✅ User 8: 3ec98bfb-8785-4199-88d6-2a18440ff560" source=console
time="2026-01-11T21:04:28+09:00" level=info msg="✅ User 87: 26cd4506-c10e-46a6-a237-d17f2ba526ab" source=console
time="2026-01-11T21:04:28+09:00" level=info msg="✅ User 52: be81ea70-a488-48b9-9091-864dae4af229" source=console
time="2026-01-11T21:04:28+09:00" level=info msg="✅ User 99: 59d2171b-ba57-4e1d-ac8e-239b4f0d1c8e" source=console
time="2026-01-11T21:04:28+09:00" level=info msg="✅ User 32: 99c79fb0-d6c5-4c3c-9e42-e23b353c2d8c" source=console
time="2026-01-11T21:04:28+09:00" level=info msg="✅ User 33: 3bfa1120-7ed4-4966-b12e-642cd4cbeff9" source=console
time="2026-01-11T21:04:28+09:00" level=info msg="✅ User 41: 3b835f37-286a-4f01-981c-43e04dc55f23" source=console
time="2026-01-11T21:04:28+09:00" level=info msg="✅ User 59: 601b959d-6c21-468b-83fb-d2b740ee5fb1" source=console
time="2026-01-11T21:04:28+09:00" level=info msg="✅ User 66: b25bdc3d-a97c-4f0c-b37d-b9133af41b6f" source=console
time="2026-01-11T21:04:28+09:00" level=info msg="✅ User 82: 5e150ce7-1771-47b8-8d98-b55a3db55b41" source=console
time="2026-01-11T21:04:28+09:00" level=info msg="✅ User 62: ecf5849c-913a-4070-9e34-e846c818676f" source=console
time="2026-01-11T21:04:28+09:00" level=info msg="✅ User 83: c1a79b8e-9af3-41b2-8ca1-a3fb9af3954b" source=console
time="2026-01-11T21:04:28+09:00" level=info msg="✅ User 37: 908e126e-4c4b-4a37-a781-6e17376efd80" source=console
time="2026-01-11T21:04:28+09:00" level=info msg="✅ User 74: cdcfa784-294a-4de9-acb4-201997ffd645" source=console
time="2026-01-11T21:04:28+09:00" level=info msg="✅ User 17: bdda7a5e-2f58-44e0-aa3a-3b7a95b85779" source=console
time="2026-01-11T21:04:28+09:00" level=info msg="✅ User 23: 37a219f5-f36c-461c-8755-514110187456" source=console
time="2026-01-11T21:04:28+09:00" level=info msg="✅ User 15: 85f95874-2696-4c4f-a609-611c092de7ed" source=console
time="2026-01-11T21:04:28+09:00" level=info msg="✅ User 81: 6ebbe880-ba9f-4417-ac18-97fde7910a4b" source=console
time="2026-01-11T21:04:28+09:00" level=info msg="✅ User 68: 5407dad6-afaa-4031-90ca-9004ee5e1858" source=console
time="2026-01-11T21:04:28+09:00" level=info msg="✅ User 95: 023c5857-8e92-4277-883b-5e11b6f46c55" source=console
time="2026-01-11T21:04:28+09:00" level=info msg="✅ User 19: 7a90d925-9f6a-4778-9d48-5be70eb1a6c6" source=console
time="2026-01-11T21:04:28+09:00" level=info msg="✅ User 24: a07668c1-ec80-4aec-bb3d-92fdbc5fb7d6" source=console
time="2026-01-11T21:04:28+09:00" level=info msg="✅ User 6: dfe196cc-a55f-4b75-9291-a2f582c806ab" source=console
time="2026-01-11T21:04:28+09:00" level=info msg="✅ User 53: f5df3217-cb80-49af-9724-955432381a3c" source=console
time="2026-01-11T21:04:28+09:00" level=info msg="✅ User 79: 11031487-e99c-4d84-90bc-73964ed44d3d" source=console
time="2026-01-11T21:04:28+09:00" level=info msg="✅ User 26: b1fe29eb-66b5-42f6-a24e-6c1e73bc4aea" source=console
time="2026-01-11T21:04:28+09:00" level=info msg="✅ User 75: 52b3fc67-f609-4f1c-83cc-6e97977ca808" source=console
time="2026-01-11T21:04:28+09:00" level=info msg="✅ User 85: 69337f4e-a969-4ef8-b18f-c4a4c9c79e11" source=console
time="2026-01-11T21:04:28+09:00" level=info msg="✅ User 65: ca8b5420-ec24-478d-995a-2337da77812d" source=console
time="2026-01-11T21:04:28+09:00" level=info msg="✅ User 96: 7ccc971d-d8c7-4b5a-9bfd-848fa94181f8" source=console
time="2026-01-11T21:04:28+09:00" level=info msg="✅ User 46: 192f693e-842e-4575-b7dc-1a47aea9b76e" source=console

running (0m01.0s), 001/100 VUs, 99 complete and 0 interrupted iterations
generate_tokens   [  99% ] 100 VUs  0m01.0s/2m0s  099/100 iters, 1 per VU
time="2026-01-11T21:04:29+09:00" level=info msg="✅ User 63: 57706276-3008-43fa-82b4-99dacf0b07c5" source=console
time="2026-01-11T21:04:29+09:00" level=info source=console
time="2026-01-11T21:04:29+09:00" level=info msg="🏁 Token Generation Completed" source=console
time="2026-01-11T21:04:29+09:00" level=info msg="Expected: 100 tokens for User 1~100" source=console


  █ THRESHOLDS 

    checks
    ✓ 'rate>0.90' rate=100.00%

    http_req_duration
    ✓ 'p(95)<5000' p(95)=336.54ms


  █ TOTAL RESULTS 

    checks_total.......: 200     185.218144/s
    checks_succeeded...: 100.00% 200 out of 200
    checks_failed......: 0.00%   0 out of 200

    ✓ status is 200 or 201
    ✓ has token

    HTTP
    http_req_duration..............: avg=252.13ms min=8.99ms   med=267.37ms max=337.32ms p(90)=319.68ms p(95)=336.54ms
      { expected_response:true }...: avg=252.13ms min=8.99ms   med=267.37ms max=337.32ms p(90)=319.68ms p(95)=336.54ms
    http_req_failed................: 0.00% 0 out of 101
    http_reqs......................: 101   93.535163/s

    EXECUTION
    iteration_duration.............: avg=274.3ms  min=121.69ms med=269.49ms max=1.04s    p(90)=344.63ms p(95)=361.76ms
    iterations.....................: 100   92.609072/s
    vus............................: 1     min=1        max=1  
    vus_max........................: 100   min=100      max=100

    NETWORK
    data_received..................: 56 kB 52 kB/s
    data_sent......................: 27 kB 25 kB/s




running (0m01.1s), 000/100 VUs, 100 complete and 0 interrupted iterations
generate_tokens ✓ [ 100% ] 100 VUs  0m01.1s/2m0s  100/100 iters, 1 per VU
